main.c:78:6:levelBubbleLED	4	static
main.c:112:6:ADXL345_Write	32	static
main.c:119:6:ADXL345_Read	32	static
main.c:123:6:ADXL345_Init	8	static
main.c:131:6:ADXL345_SetOffset	16	static
main.c:142:6:calcXDegree	24	static
main.c:147:6:calcYDegree	4	static
main.c:153:6:readValues	8	static
main.c:191:5:main	8	static
main.c:246:6:SystemClock_Config	88	static
main.c:291:13:MX_I2C1_Init	8	static
main.c:325:13:MX_TIM1_Init	32	static
main.c:371:13:MX_TIM3_Init	48	static
main.c:424:13:MX_USART2_UART_Init	8	static
main.c:457:13:MX_GPIO_Init	48	static
main.c:492:6:HAL_TIM_PeriodElapsedCallback	16	static
main.c:499:6:HAL_GPIO_EXTI_Callback	16	static
main.c:516:6:Error_Handler	4	static,ignoring_inline_asm
