main.c:75:6:levelBubbleLED	8	static
main.c:105:6:ADXL345_Write	32	static
main.c:112:6:ADXL345_Read	32	static
main.c:116:6:ADXL345_Init	8	static
main.c:125:6:readValues	8	static
main.c:146:5:main	8	static
main.c:201:6:SystemClock_Config	88	static
main.c:246:13:MX_I2C1_Init	8	static
main.c:280:13:MX_TIM1_Init	32	static
main.c:326:13:MX_TIM3_Init	48	static
main.c:379:13:MX_USART2_UART_Init	8	static
main.c:412:13:MX_GPIO_Init	48	static
main.c:447:6:HAL_TIM_PeriodElapsedCallback	16	static
main.c:454:6:HAL_GPIO_EXTI_Callback	16	static
main.c:466:6:Error_Handler	4	static,ignoring_inline_asm
